// Jest Snapshot v1, https://goo.gl/fbAQLP

exports[`should render ExpenseDashboardPage correctly 1`] = `
<div>
  <p>
    Dashboard page goes here
  </p>
</div>
`;
