// Jest Snapshot v1, https://goo.gl/fbAQLP

exports[`should render LoginPage correctly 1`] = `
<div
  className="box-layout"
>
  <div
    className="box-layout__box"
  >
    <h1
      className="box-layout__title"
    >
      Boilerplate
    </h1>
    <p>
      App tagline goes here.
    </p>
    <div
      className="box-layout__actions"
    >
      <button
        className="button button--google"
      >
        Login with Google
      </button>
      <button
        className="button button--facebook"
      >
        Login with Facebook
      </button>
    </div>
  </div>
</div>
`;
